C:/TouchGFXProjects/MCU/Core/Src/main.c:966:6:StartDefaultTask	1
C:/TouchGFXProjects/MCU/Core/Src/main.c:1074:6:prvTaskReadTempAndHumidity	2
C:/TouchGFXProjects/MCU/Core/Src/main.c:1104:6:prvTaskReadESP	3
C:/TouchGFXProjects/MCU/Core/Src/main.c:1028:6:prvTaskSetUpESP	13
C:/TouchGFXProjects/MCU/Core/Src/main.c:986:6:prvTaskSendDataWithESP	9
C:/TouchGFXProjects/MCU/Core/Src/main.c:355:6:SystemClock_Config	2
C:/TouchGFXProjects/MCU/Core/Src/main.c:215:5:main	5
C:/TouchGFXProjects/MCU/Core/Src/main.c:883:6:my_snprintf	5
C:/TouchGFXProjects/MCU/Core/Src/main.c:924:6:HAL_UART_RxCpltCallback	2
C:/TouchGFXProjects/MCU/Core/Src/main.c:934:6:send_and_recieve	3
C:/TouchGFXProjects/MCU/Core/Src/main.c:1221:6:HAL_TIM_PeriodElapsedCallback	2
C:/TouchGFXProjects/MCU/Core/Src/main.c:1238:6:Error_Handler	1
