C:/TouchGFXProjects/MCU/Core/Src/main.c:966:6:StartDefaultTask	8	static,ignoring_inline_asm
C:/TouchGFXProjects/MCU/Core/Src/main.c:1074:6:prvTaskReadTempAndHumidity	16	static
C:/TouchGFXProjects/MCU/Core/Src/main.c:1104:6:prvTaskReadESP	48	static
C:/TouchGFXProjects/MCU/Core/Src/main.c:1028:6:prvTaskSetUpESP	16	static
C:/TouchGFXProjects/MCU/Core/Src/main.c:986:6:prvTaskSendDataWithESP	88	static
C:/TouchGFXProjects/MCU/Core/Src/main.c:355:6:SystemClock_Config	136	static
C:/TouchGFXProjects/MCU/Core/Src/main.c:215:5:main	112	static,ignoring_inline_asm
C:/TouchGFXProjects/MCU/Core/Src/main.c:883:6:my_snprintf	80	static
C:/TouchGFXProjects/MCU/Core/Src/main.c:924:6:HAL_UART_RxCpltCallback	8	static
C:/TouchGFXProjects/MCU/Core/Src/main.c:934:6:send_and_recieve	40	static
C:/TouchGFXProjects/MCU/Core/Src/main.c:1221:6:HAL_TIM_PeriodElapsedCallback	0	static
C:/TouchGFXProjects/MCU/Core/Src/main.c:1238:6:Error_Handler	0	static
