C:/TouchGFXProjects/MCU/Core/Src/stm32h7xx_hal_msp.c:68:6:HAL_MspInit	16	static
C:/TouchGFXProjects/MCU/Core/Src/stm32h7xx_hal_msp.c:91:6:HAL_CRC_MspInit	8	static
C:/TouchGFXProjects/MCU/Core/Src/stm32h7xx_hal_msp.c:113:6:HAL_CRC_MspDeInit	0	static
C:/TouchGFXProjects/MCU/Core/Src/stm32h7xx_hal_msp.c:135:6:HAL_DMA2D_MspInit	16	static
C:/TouchGFXProjects/MCU/Core/Src/stm32h7xx_hal_msp.c:160:6:HAL_DMA2D_MspDeInit	0	static
C:/TouchGFXProjects/MCU/Core/Src/stm32h7xx_hal_msp.c:185:6:HAL_I2C_MspInit	232	static
C:/TouchGFXProjects/MCU/Core/Src/stm32h7xx_hal_msp.c:231:6:HAL_I2C_MspDeInit	8	static
C:/TouchGFXProjects/MCU/Core/Src/stm32h7xx_hal_msp.c:262:6:HAL_JPEG_MspInit	24	static
C:/TouchGFXProjects/MCU/Core/Src/stm32h7xx_hal_msp.c:346:6:HAL_JPEG_MspDeInit	8	static
C:/TouchGFXProjects/MCU/Core/Src/stm32h7xx_hal_msp.c:375:6:HAL_LTDC_MspInit	248	static
C:/TouchGFXProjects/MCU/Core/Src/stm32h7xx_hal_msp.c:487:6:HAL_LTDC_MspDeInit	8	static
C:/TouchGFXProjects/MCU/Core/Src/stm32h7xx_hal_msp.c:555:6:HAL_QSPI_MspInit	264	static
C:/TouchGFXProjects/MCU/Core/Src/stm32h7xx_hal_msp.c:648:6:HAL_QSPI_MspDeInit	8	static
C:/TouchGFXProjects/MCU/Core/Src/stm32h7xx_hal_msp.c:691:6:HAL_UART_MspInit	232	static
C:/TouchGFXProjects/MCU/Core/Src/stm32h7xx_hal_msp.c:741:6:HAL_UART_MspDeInit	8	static
C:/TouchGFXProjects/MCU/Core/Src/stm32h7xx_hal_msp.c:877:6:HAL_SDRAM_MspInit	240	static
C:/TouchGFXProjects/MCU/Core/Src/stm32h7xx_hal_msp.c:961:6:HAL_SDRAM_MspDeInit	8	static
