../Core/Src/main.c:177:5:main	8	static
../Core/Src/main.c:286:6:SystemClock_Config	120	static
../Core/Src/main.c:337:13:MX_I2C4_Init	8	static
../Core/Src/main.c:385:13:MX_USART2_UART_Init	8	static
../Core/Src/main.c:435:13:MX_GPIO_Init	40	static
../Core/Src/main.c:472:6:HAL_UART_RxCpltCallback	16	static
../Core/Src/main.c:487:6:StartDefaultTask	16	static
../Core/Src/main.c:505:6:prvTaskSendDataWithESP	80	static
../Core/Src/main.c:555:6:prvTaskSetUpESP	24	static
../Core/Src/main.c:653:6:prvTaskReadTempAndHumidity	24	static
../Core/Src/main.c:682:6:prvTaskReadESP	24	static
../Core/Src/main.c:722:6:HAL_TIM_PeriodElapsedCallback	16	static
../Core/Src/main.c:739:6:Error_Handler	4	static,ignoring_inline_asm
