19:23:54 **** Incremental Build of configuration Debug for project MCU ****
make -j4 all 
arm-none-eabi-gcc -u _printf_float "../Core/Src/main.c" -mcpu=cortex-m7 -std=gnu11 -g3 -DDEBUG -DUSE_HAL_DRIVER -DSTM32H750xx -c -I../Core/Inc -I../Drivers/STM32H7xx_HAL_Driver/Inc -I../Drivers/STM32H7xx_HAL_Driver/Inc/Legacy -I../Middlewares/Third_Party/FreeRTOS/Source/include -I../Middlewares/Third_Party/FreeRTOS/Source/CMSIS_RTOS_V2 -I../Middlewares/Third_Party/FreeRTOS/Source/portable/GCC/ARM_CM4F -I../Drivers/CMSIS/Device/ST/STM32H7xx/Include -I../Drivers/CMSIS/Include -O0 -ffunction-sections -fdata-sections -Wall -fstack-usage -fcyclomatic-complexity -MMD -MP -MF"Core/Src/main.d" -MT"Core/Src/main.o" --specs=nano.specs -mfpu=fpv5-d16 -mfloat-abi=hard -mthumb -o "Core/Src/main.o"
arm-none-eabi-gcc -o "MCU.elf" @"objects.list"   -mcpu=cortex-m7 -T"C:\Users\domip\Desktop\szakdoga\MCU\STM32H750XBHX_FLASH.ld" --specs=nosys.specs -Wl,-Map="MCU.map" -Wl,--gc-sections -static -u _printf_float --specs=nano.specs -mfpu=fpv5-d16 -mfloat-abi=hard -mthumb -Wl,--start-group -lc -lm -Wl,--end-group
Finished building target: MCU.elf
 
arm-none-eabi-size   MCU.elf 
arm-none-eabi-objdump -h -S  MCU.elf  > "MCU.list"
   text	   data	    bss	    dec	    hex	filename
  64500	    492	  24476	  89468	  15d7c	MCU.elf
Finished building: default.size.stdout
 
Finished building: MCU.list
 
19:26:56 **** Incremental Build of configuration Debug for project MCU ****
make -j4 all 
arm-none-eabi-size   MCU.elf 
   text	   data	    bss	    dec	    hex	filename
  64500	    492	  24476	  89468	  15d7c	MCU.elf
Finished building: default.size.stdout
 
19:29:57 **** Incremental Build of configuration Debug for project MCU ****
make -j4 all 
arm-none-eabi-size   MCU.elf 
   text	   data	    bss	    dec	    hex	filename
  64500	    492	  24476	  89468	  15d7c	MCU.elf
Finished building: default.size.stdout
 
19:30:19 **** Incremental Build of configuration Debug for project MCU ****
make -j4 all 
arm-none-eabi-size   MCU.elf 
   text	   data	    bss	    dec	    hex	filename
  64500	    492	  24476	  89468	  15d7c	MCU.elf
Finished building: default.size.stdout
 
19:30:48 **** Incremental Build of configuration Debug for project MCU ****
make -j4 all 
arm-none-eabi-size   MCU.elf 
   text	   data	    bss	    dec	    hex	filename
  64500	    492	  24476	  89468	  15d7c	MCU.elf
Finished building: default.size.stdout
 
19:31:51 **** Incremental Build of configuration Debug for project MCU ****
make -j4 all 
arm-none-eabi-size   MCU.elf 
   text	   data	    bss	    dec	    hex	filename
  64500	    492	  24476	  89468	  15d7c	MCU.elf
Finished building: default.size.stdout
 
19:32:27 **** Incremental Build of configuration Debug for project MCU ****
make -j4 all 
arm-none-eabi-size   MCU.elf 
   text	   data	    bss	    dec	    hex	filename
  64500	    492	  24476	  89468	  15d7c	MCU.elf
Finished building: default.size.stdout
 
19:33:17 **** Incremental Build of configuration Debug for project MCU ****
make -j4 all 
arm-none-eabi-size   MCU.elf 
   text	   data	    bss	    dec	    hex	filename
  64500	    492	  24476	  89468	  15d7c	MCU.elf
Finished building: default.size.stdout
 
19:35:20 **** Incremental Build of configuration Debug for project MCU ****
make -j4 all 
arm-none-eabi-gcc -u _printf_float "../Core/Src/main.c" -mcpu=cortex-m7 -std=gnu11 -g3 -DDEBUG -DUSE_HAL_DRIVER -DSTM32H750xx -c -I../Core/Inc -I../Drivers/STM32H7xx_HAL_Driver/Inc -I../Drivers/STM32H7xx_HAL_Driver/Inc/Legacy -I../Middlewares/Third_Party/FreeRTOS/Source/include -I../Middlewares/Third_Party/FreeRTOS/Source/CMSIS_RTOS_V2 -I../Middlewares/Third_Party/FreeRTOS/Source/portable/GCC/ARM_CM4F -I../Drivers/CMSIS/Device/ST/STM32H7xx/Include -I../Drivers/CMSIS/Include -O0 -ffunction-sections -fdata-sections -Wall -fstack-usage -fcyclomatic-complexity -MMD -MP -MF"Core/Src/main.d" -MT"Core/Src/main.o" --specs=nano.specs -mfpu=fpv5-d16 -mfloat-abi=hard -mthumb -o "Core/Src/main.o"
arm-none-eabi-gcc -o "MCU.elf" @"objects.list"   -mcpu=cortex-m7 -T"C:\Users\domip\Desktop\szakdoga\MCU\STM32H750XBHX_FLASH.ld" --specs=nosys.specs -Wl,-Map="MCU.map" -Wl,--gc-sections -static -u _printf_float --specs=nano.specs -mfpu=fpv5-d16 -mfloat-abi=hard -mthumb -Wl,--start-group -lc -lm -Wl,--end-group
Finished building target: MCU.elf
 
arm-none-eabi-size   MCU.elf 
arm-none-eabi-objdump -h -S  MCU.elf  > "MCU.list"
   text	   data	    bss	    dec	    hex	filename
  64500	    492	  24476	  89468	  15d7c	MCU.elf
Finished building: default.size.stdout
 
Finished building: MCU.list
 
19:38:20 **** Incremental Build of configuration Debug for project MCU ****
make -j4 all 
arm-none-eabi-gcc -u _printf_float "../Core/Src/main.c" -mcpu=cortex-m7 -std=gnu11 -g3 -DDEBUG -DUSE_HAL_DRIVER -DSTM32H750xx -c -I../Core/Inc -I../Drivers/STM32H7xx_HAL_Driver/Inc -I../Drivers/STM32H7xx_HAL_Driver/Inc/Legacy -I../Middlewares/Third_Party/FreeRTOS/Source/include -I../Middlewares/Third_Party/FreeRTOS/Source/CMSIS_RTOS_V2 -I../Middlewares/Third_Party/FreeRTOS/Source/portable/GCC/ARM_CM4F -I../Drivers/CMSIS/Device/ST/STM32H7xx/Include -I../Drivers/CMSIS/Include -O0 -ffunction-sections -fdata-sections -Wall -fstack-usage -fcyclomatic-complexity -MMD -MP -MF"Core/Src/main.d" -MT"Core/Src/main.o" --specs=nano.specs -mfpu=fpv5-d16 -mfloat-abi=hard -mthumb -o "Core/Src/main.o"
arm-none-eabi-gcc -o "MCU.elf" @"objects.list"   -mcpu=cortex-m7 -T"C:\Users\domip\Desktop\szakdoga\MCU\STM32H750XBHX_FLASH.ld" --specs=nosys.specs -Wl,-Map="MCU.map" -Wl,--gc-sections -static -u _printf_float --specs=nano.specs -mfpu=fpv5-d16 -mfloat-abi=hard -mthumb -Wl,--start-group -lc -lm -Wl,--end-group
Finished building target: MCU.elf
 
arm-none-eabi-size   MCU.elf 
arm-none-eabi-objdump -h -S  MCU.elf  > "MCU.list"
   text	   data	    bss	    dec	    hex	filename
  64484	    492	  24476	  89452	  15d6c	MCU.elf
Finished building: default.size.stdout
 
Finished building: MCU.list
 
19:39:29 **** Incremental Build of configuration Debug for project MCU ****
make -j4 all 
arm-none-eabi-size   MCU.elf 
   text	   data	    bss	    dec	    hex	filename
  64484	    492	  24476	  89452	  15d6c	MCU.elf
Finished building: default.size.stdout
 
